// Jest Snapshot v1, https://goo.gl/fbAQLP

exports[`Chapter should match snapshot 1`] = `
<div>
  <div
    class="sc-gEvDqW eZOuSv"
  >
    <div
      class="sc-aYaIB jcOBwW"
    />
    <p
      class="MuiTypography-root MuiTypography-body2"
      style="margin: 0px 10px;"
    >
      Chapter
    </p>
    <div
      class="sc-aYaIB jcOBwW"
    />
  </div>
</div>
`;
