// Jest Snapshot v1, https://goo.gl/fbAQLP

exports[`Breadcrumbs should match snapshot 1`] = `
<div>
  <nav
    class="MuiTypography-root MuiTypography-body1 MuiBreadcrumbs-root css-63vwl1-MuiTypography-root-MuiBreadcrumbs-root"
  >
    <ol
      class="MuiBreadcrumbs-ol css-4pdmu4-MuiBreadcrumbs-ol"
    >
      <li
        class="MuiBreadcrumbs-li"
      >
        <a
          class="sc-aYaIB ZmSFF"
          href="/"
        >
          <p
            class="MuiTypography-root sc-gEvDqW hxMRUB MuiTypography-body2 MuiTypography-colorInherit"
          >
            Home
          </p>
        </a>
      </li>
      <li
        aria-hidden="true"
        class="MuiBreadcrumbs-separator css-1wuw8dw-MuiBreadcrumbs-separator"
      >
        <svg
          aria-hidden="true"
          class="MuiSvgIcon-root MuiSvgIcon-fontSizeMedium css-i4bv87-MuiSvgIcon-root"
          data-testid="ChevronRightIcon"
          focusable="false"
          viewBox="0 0 24 24"
        >
          <path
            d="M10 6 8.59 7.41 13.17 12l-4.58 4.59L10 18l6-6z"
          />
        </svg>
      </li>
      <li
        class="MuiBreadcrumbs-li"
      >
        <a
          class="sc-aYaIB ZmSFF"
          href="/foo"
        >
          <p
            class="MuiTypography-root sc-gEvDqW hxMRUB MuiTypography-body2 MuiTypography-colorInherit"
          >
            Foo
          </p>
        </a>
      </li>
      <li
        aria-hidden="true"
        class="MuiBreadcrumbs-separator css-1wuw8dw-MuiBreadcrumbs-separator"
      >
        <svg
          aria-hidden="true"
          class="MuiSvgIcon-root MuiSvgIcon-fontSizeMedium css-i4bv87-MuiSvgIcon-root"
          data-testid="ChevronRightIcon"
          focusable="false"
          viewBox="0 0 24 24"
        >
          <path
            d="M10 6 8.59 7.41 13.17 12l-4.58 4.59L10 18l6-6z"
          />
        </svg>
      </li>
      <li
        class="MuiBreadcrumbs-li"
      >
        <p
          class="MuiTypography-root sc-gEvDqW hxMRUB MuiTypography-body2 MuiTypography-colorInherit"
        >
          Bar
        </p>
      </li>
    </ol>
  </nav>
</div>
`;
