// Jest Snapshot v1, https://goo.gl/fbAQLP

exports[`Select should match snapshot 1`] = `
<div>
  <div
    class="MuiInputBase-root MuiOutlinedInput-root"
    data-testid="select-container"
  >
    <div
      aria-haspopup="listbox"
      class="MuiSelect-root makeStyles-root-35 MuiSelect-select MuiSelect-selectMenu MuiSelect-outlined MuiInputBase-input MuiOutlinedInput-input"
      role="button"
      tabindex="0"
    >
      Option 0
    </div>
    <input
      aria-hidden="true"
      class="MuiSelect-nativeInput"
      data-testid="select-input"
      tabindex="-1"
      value="0"
    />
    <svg
      aria-hidden="true"
      class="MuiSvgIcon-root MuiSelect-icon makeStyles-iconOutlined-36 MuiSelect-iconOutlined"
      focusable="false"
      viewBox="0 0 24 24"
    >
      <path
        d="M7 10l5 5 5-5z"
      />
    </svg>
    <fieldset
      aria-hidden="true"
      class="PrivateNotchedOutline-root-37 MuiOutlinedInput-notchedOutline"
      style="padding-left: 8px;"
    >
      <legend
        class="PrivateNotchedOutline-legend-38"
        style="width: 0.01px;"
      >
        <span>
          ​
        </span>
      </legend>
    </fieldset>
  </div>
</div>
`;
