// Jest Snapshot v1, https://goo.gl/fbAQLP

exports[`Advertise should match snapshot 1`] = `
<div>
  <div
    class="MuiPaper-root MuiPaper-elevation MuiPaper-rounded MuiPaper-elevation1 sc-gEvDqW gPmBbd css-1ps6pg7-MuiPaper-root"
    role="mui-paper-container"
    style="padding: 4px;"
  >
    <p
      class="MuiTypography-root MuiTypography-body2 sc-aYaIB ikghlf css-e784if-MuiTypography-root"
      style="margin: 0px 12px; padding: 6px 18px;"
    >
      comment
    </p>
    <span
      class="MuiTypography-root MuiTypography-caption sc-aYaIB ikghlf css-1sn4lm3-MuiTypography-root"
      style="margin: 0px 12px; padding: 6px 18px;"
    >
      author
    </span>
  </div>
</div>
`;
