// Jest Snapshot v1, https://goo.gl/fbAQLP

exports[`Tooltip should match snapshot 1`] = `
<div>
  <div
    class=""
    style="display: inherit;"
    title="Tooltip Message"
  >
    <button
      class="MuiButtonBase-root MuiButton-root MuiButton-outlined"
      tabindex="0"
      type="button"
    >
      <span
        class="MuiButton-label"
      >
        Tooltip
      </span>
      <span
        class="MuiTouchRipple-root"
      />
    </button>
  </div>
</div>
`;
