// Jest Snapshot v1, https://goo.gl/fbAQLP

exports[`Drawer should match snapshot 1`] = `
<div>
  <nav
    class="MuiTypography-root MuiBreadcrumbs-root MuiTypography-body1 MuiTypography-colorTextSecondary"
  >
    <ol
      class="MuiBreadcrumbs-ol"
    >
      <li
        class="MuiBreadcrumbs-li"
      >
        <a
          class="MuiTypography-root MuiLink-root MuiLink-underlineHover MuiTypography-colorInherit"
          href="#"
        >
          Flipper-ui
        </a>
      </li>
      <li
        aria-hidden="true"
        class="MuiBreadcrumbs-separator"
      >
        /
      </li>
      <li
        class="MuiBreadcrumbs-li"
      >
        <a
          class="MuiTypography-root MuiLink-root MuiLink-underlineHover MuiTypography-colorInherit"
          href="#"
        >
          Breadcrumb
        </a>
      </li>
    </ol>
  </nav>
</div>
`;
