// Jest Snapshot v1, https://goo.gl/fbAQLP

exports[`Sidebar should match snapshot 1`] = `
<div>
  <div
    class="MuiDrawer-root MuiDrawer-docked"
    style="width: 220px; top: 64px;"
  >
    <div
      class="MuiPaper-root MuiDrawer-paper MuiDrawer-paperAnchorLeft  makeStyles-default-54 MuiDrawer-paperAnchorDockedLeft MuiPaper-elevation0"
    >
      <div
        anchor="left"
        class="sc-aYaIB eVWnkT"
      >
        <button
          class="MuiButtonBase-root MuiButton-root MuiButton-contained makeStyles-button-53"
          data-testid="sidebar-button"
          name="button-sidebar"
          style="max-width: 72px; opacity: 1;"
          tabindex="0"
          type="button"
        >
          <span
            class="MuiButton-label"
          >
            <svg
              aria-hidden="true"
              class="MuiSvgIcon-root MuiSvgIcon-fontSizeMedium makeStyles-icon-55 css-i4bv87-MuiSvgIcon-root"
              data-testid="KeyboardArrowLeftIcon"
              focusable="false"
              viewBox="0 0 24 24"
            >
              <path
                d="M15.41 16.59 10.83 12l4.58-4.59L14 6l-6 6 6 6z"
              />
            </svg>
          </span>
          <span
            class="MuiTouchRipple-root"
          />
        </button>
      </div>
      <ul
        class="MuiList-root makeStyles-default-60 undefined MuiList-padding"
      >
        <div
          aria-disabled="false"
          class="MuiButtonBase-root MuiListItem-root makeStyles-root-64 MuiListItem-gutters MuiListItem-button"
          role="button"
          tabindex="0"
        >
          <div
            class="MuiListItemIcon-root makeStyles-default-65"
            style="min-width: 42px;"
          >
            <svg
              aria-hidden="true"
              class="MuiSvgIcon-root MuiSvgIcon-fontSizeMedium css-i4bv87-MuiSvgIcon-root"
              data-testid="BackupIcon"
              focusable="false"
              viewBox="0 0 24 24"
            >
              <path
                d="M19.35 10.04C18.67 6.59 15.64 4 12 4 9.11 4 6.6 5.64 5.35 8.04 2.34 8.36 0 10.91 0 14c0 3.31 2.69 6 6 6h13c2.76 0 5-2.24 5-5 0-2.64-2.05-4.78-4.65-4.96M14 13v4h-4v-4H7l5-5 5 5z"
              />
            </svg>
          </div>
          <div
            class="MuiListItemText-root"
            data-testid="list-item-undefined"
          >
            <span
              class="MuiTypography-root makeStyles-default-65 MuiTypography-body1 MuiTypography-displayBlock"
            >
              Item 1
            </span>
          </div>
          <span
            class="MuiTouchRipple-root"
          />
        </div>
        <div
          aria-disabled="false"
          class="MuiButtonBase-root MuiListItem-root makeStyles-root-64 MuiListItem-gutters MuiListItem-button"
          role="button"
          tabindex="0"
        >
          <div
            class="MuiListItemIcon-root makeStyles-default-65"
            style="min-width: 42px;"
          >
            <svg
              aria-hidden="true"
              class="MuiSvgIcon-root MuiSvgIcon-fontSizeMedium css-i4bv87-MuiSvgIcon-root"
              data-testid="BackupIcon"
              focusable="false"
              viewBox="0 0 24 24"
            >
              <path
                d="M19.35 10.04C18.67 6.59 15.64 4 12 4 9.11 4 6.6 5.64 5.35 8.04 2.34 8.36 0 10.91 0 14c0 3.31 2.69 6 6 6h13c2.76 0 5-2.24 5-5 0-2.64-2.05-4.78-4.65-4.96M14 13v4h-4v-4H7l5-5 5 5z"
              />
            </svg>
          </div>
          <div
            class="MuiListItemText-root"
            data-testid="list-item-undefined"
          >
            <span
              class="MuiTypography-root makeStyles-default-65 MuiTypography-body1 MuiTypography-displayBlock"
            >
              Item 2
            </span>
          </div>
          <span
            class="MuiTouchRipple-root"
          />
        </div>
      </ul>
    </div>
  </div>
</div>
`;
