// Jest Snapshot v1, https://goo.gl/fbAQLP

exports[`Actions should match snapshot 1`] = `
<div>
  <div
    align="flex-end"
    class="sc-dZodDb uKEcO"
  >
    <button
      class="MuiButtonBase-root MuiButton-root MuiButton-text"
      data-testid="cancel-action"
      name="cancel-action"
      style="margin: 0px 16px; opacity: 1;"
      tabindex="0"
      type="button"
    >
      <span
        class="MuiButton-label"
      >
        Voltar
      </span>
      <span
        class="MuiTouchRipple-root"
      />
    </button>
    <button
      class="MuiButtonBase-root MuiButton-root MuiButton-contained MuiButton-containedPrimary"
      data-testid="confirm-action"
      name="confirm-action"
      style="opacity: 1;"
      tabindex="0"
      type="button"
    >
      <span
        class="MuiButton-label"
      >
        Excluir
      </span>
      <span
        class="MuiTouchRipple-root"
      />
    </button>
  </div>
</div>
`;
