// Jest Snapshot v1, https://goo.gl/fbAQLP

exports[`NothingFound should match snapshot 1`] = `
<div>
  <h5
    class="MuiTypography-root MuiTypography-h5 MuiTypography-alignCenter sc-aYaIB eEveha css-16wr4fq-MuiTypography-root"
  >
    Não há nada aqui. Clique em "Adicionar" para cadastrar um item.
  </h5>
</div>
`;
