// Jest Snapshot v1, https://goo.gl/fbAQLP

exports[`NothingFound should match snapshot 1`] = `
<div>
  <h5
    class="MuiTypography-root sc-aYaIB eEveha MuiTypography-h5 MuiTypography-colorTextSecondary MuiTypography-alignCenter"
    style="padding: 48px 0px;"
  >
    Não há nada aqui. Clique em "Adicionar" para cadastrar um item.
  </h5>
</div>
`;
