// Jest Snapshot v1, https://goo.gl/fbAQLP

exports[`Fab should match snapshot 1`] = `
<div>
  <div
    class=""
    style="display: inherit;"
    title="tooltip-test"
  >
    <button
      class="MuiButtonBase-root MuiFab-root MuiFab-sizeSmall"
      data-testid="fab-button"
      name="action-button"
      tabindex="0"
      tooltip="tooltip-test"
      type="button"
    >
      <span
        class="MuiFab-label"
      >
        <svg
          aria-hidden="true"
          class="MuiSvgIcon-root MuiSvgIcon-fontSizeMedium css-i4bv87-MuiSvgIcon-root"
          data-testid="FileCopyIcon"
          focusable="false"
          viewBox="0 0 24 24"
        >
          <path
            d="M16 1H4c-1.1 0-2 .9-2 2v14h2V3h12zm-1 4 6 6v10c0 1.1-.9 2-2 2H7.99C6.89 23 6 22.1 6 21l.01-14c0-1.1.89-2 1.99-2zm-1 7h5.5L14 6.5z"
          />
        </svg>
      </span>
      <span
        class="MuiTouchRipple-root"
      />
    </button>
  </div>
</div>
`;

exports[`FabWrapper should match snapshot 1`] = `
<div>
  <div
    class="sc-fBWQee lhYxDZ list-item-action"
  >
    Test
  </div>
</div>
`;
