// Jest Snapshot v1, https://goo.gl/fbAQLP

exports[`Fab should match snapshot 1`] = `
<div>
  <div
    aria-label="tooltip-test"
    class=""
    data-mui-internal-clone-element="true"
    style="display: inherit;"
  >
    <button
      class="MuiButtonBase-root MuiFab-root makeStyles-root-5 MuiFab-circular MuiFab-sizeMedium MuiFab-colorInherit MuiFab-root makeStyles-root-5 MuiFab-circular MuiFab-sizeMedium MuiFab-colorInherit css-hvq4eh-MuiButtonBase-root-MuiFab-root"
      data-testid="fab-button"
      name="action-button"
      tabindex="0"
      tooltip="tooltip-test"
      type="button"
    >
      <svg
        aria-hidden="true"
        class="MuiSvgIcon-root MuiSvgIcon-fontSizeMedium css-i4bv87-MuiSvgIcon-root"
        data-testid="FileCopyIcon"
        focusable="false"
        viewBox="0 0 24 24"
      >
        <path
          d="M16 1H4c-1.1 0-2 .9-2 2v14h2V3h12zm-1 4 6 6v10c0 1.1-.9 2-2 2H7.99C6.89 23 6 22.1 6 21l.01-14c0-1.1.89-2 1.99-2zm-1 7h5.5L14 6.5z"
        />
      </svg>
      <span
        class="MuiTouchRipple-root css-8je8zh-MuiTouchRipple-root"
      />
    </button>
  </div>
</div>
`;
