// Jest Snapshot v1, https://goo.gl/fbAQLP

exports[`Button should match snapshot 1`] = `
<div>
  <button
    class="MuiButtonBase-root MuiButton-root MuiButton-text"
    data-testid="button-container"
    style="opacity: 1;"
    tabindex="0"
    type="button"
  >
    <span
      class="MuiButton-label"
    >
      Button
    </span>
    <span
      class="MuiTouchRipple-root"
    />
  </button>
</div>
`;
