// Jest Snapshot v1, https://goo.gl/fbAQLP

exports[`Stepper should match snapshot 1`] = `
<div>
  <div
    class="MuiStepper-root MuiStepper-horizontal MuiStepper-alternativeLabel css-10mg1vw-MuiStepper-root"
    role="stepper-container"
  >
    <div
      class="MuiStep-root MuiStep-horizontal MuiStep-alternativeLabel Mui-completed css-n7tliy-MuiStep-root"
    >
      <span
        class="MuiStepLabel-root MuiStepLabel-horizontal MuiStepLabel-alternativeLabel css-ascpo7-MuiStepLabel-root"
      >
        <span
          class="MuiStepLabel-iconContainer Mui-completed MuiStepLabel-alternativeLabel css-vnkopk-MuiStepLabel-iconContainer"
        >
          <svg
            active="true"
            aria-hidden="true"
            class="MuiSvgIcon-root MuiSvgIcon-colorPrimary MuiSvgIcon-fontSizeMedium css-ci5apu-MuiSvgIcon-root"
            data-testid="step-icon1"
            focusable="false"
            viewBox="0 0 24 24"
          >
            <path
              d="M6 19c0 1.1.9 2 2 2h8c1.1 0 2-.9 2-2V7H6zM19 4h-3.5l-1-1h-5l-1 1H5v2h14z"
            />
          </svg>
        </span>
        <span
          class="MuiStepLabel-labelContainer MuiStepLabel-alternativeLabel css-1vyamtt-MuiStepLabel-labelContainer"
        >
          <span
            class="MuiStepLabel-label Mui-completed MuiStepLabel-alternativeLabel css-1hv8oq8-MuiStepLabel-label"
          >
            Name
          </span>
        </span>
      </span>
    </div>
    <div
      class="MuiStep-root MuiStep-horizontal MuiStep-alternativeLabel css-n7tliy-MuiStep-root"
    >
      <div
        class="MuiStepConnector-root MuiStepConnector-horizontal MuiStepConnector-alternativeLabel Mui-active css-zpcwqm-MuiStepConnector-root"
      >
        <span
          class="MuiStepConnector-line MuiStepConnector-lineHorizontal css-z7uhs0-MuiStepConnector-line"
        />
      </div>
      <span
        class="MuiStepLabel-root MuiStepLabel-horizontal MuiStepLabel-alternativeLabel css-ascpo7-MuiStepLabel-root"
      >
        <span
          class="MuiStepLabel-iconContainer Mui-active MuiStepLabel-alternativeLabel css-vnkopk-MuiStepLabel-iconContainer"
        >
          <svg
            aria-hidden="true"
            class="MuiSvgIcon-root MuiSvgIcon-fontSizeMedium css-i4bv87-MuiSvgIcon-root"
            data-testid="step-icon2"
            focusable="false"
            viewBox="0 0 24 24"
          >
            <path
              d="M6 19c0 1.1.9 2 2 2h8c1.1 0 2-.9 2-2V7H6zM19 4h-3.5l-1-1h-5l-1 1H5v2h14z"
            />
          </svg>
        </span>
        <span
          class="MuiStepLabel-labelContainer MuiStepLabel-alternativeLabel css-1vyamtt-MuiStepLabel-labelContainer"
        >
          <span
            class="MuiStepLabel-label Mui-active MuiStepLabel-alternativeLabel css-1hv8oq8-MuiStepLabel-label"
          >
            Email
          </span>
        </span>
      </span>
    </div>
    <div
      class="MuiStep-root MuiStep-horizontal MuiStep-alternativeLabel css-n7tliy-MuiStep-root"
    >
      <div
        class="MuiStepConnector-root MuiStepConnector-horizontal MuiStepConnector-alternativeLabel Mui-disabled css-zpcwqm-MuiStepConnector-root"
      >
        <span
          class="MuiStepConnector-line MuiStepConnector-lineHorizontal css-z7uhs0-MuiStepConnector-line"
        />
      </div>
      <span
        class="MuiStepLabel-root MuiStepLabel-horizontal Mui-disabled MuiStepLabel-alternativeLabel css-ascpo7-MuiStepLabel-root"
      >
        <span
          class="MuiStepLabel-iconContainer Mui-disabled MuiStepLabel-alternativeLabel css-vnkopk-MuiStepLabel-iconContainer"
        >
          <svg
            active="false"
            aria-hidden="true"
            class="MuiSvgIcon-root MuiSvgIcon-colorDisabled MuiSvgIcon-fontSizeMedium css-1db085k-MuiSvgIcon-root"
            data-testid="step-icon3"
            focusable="false"
            viewBox="0 0 24 24"
          >
            <path
              d="M6 19c0 1.1.9 2 2 2h8c1.1 0 2-.9 2-2V7H6zM19 4h-3.5l-1-1h-5l-1 1H5v2h14z"
            />
          </svg>
        </span>
        <span
          class="MuiStepLabel-labelContainer MuiStepLabel-alternativeLabel css-1vyamtt-MuiStepLabel-labelContainer"
        >
          <span
            class="MuiStepLabel-label Mui-disabled MuiStepLabel-alternativeLabel css-1hv8oq8-MuiStepLabel-label"
          >
            Password
          </span>
        </span>
      </span>
    </div>
  </div>
</div>
`;
