// Jest Snapshot v1, https://goo.gl/fbAQLP

exports[`Pagination should match snapshot 1`] = `
<div>
  <div
    class="sc-aYaIB lasiaH"
  >
    <button
      class="MuiButtonBase-root MuiButton-root MuiButton-text MuiButton-textSizeSmall MuiButton-sizeSmall"
      data-testid="prev-page-button"
      id="prev-page-button"
      style="opacity: 1;"
      tabindex="0"
      type="button"
    >
      <span
        class="MuiButton-label"
      >
        <svg
          aria-hidden="true"
          class="MuiSvgIcon-root MuiSvgIcon-fontSizeMedium css-i4bv87-MuiSvgIcon-root"
          data-testid="KeyboardArrowLeftIcon"
          focusable="false"
          viewBox="0 0 24 24"
        >
          <path
            d="M15.41 16.59 10.83 12l4.58-4.59L14 6l-6 6 6 6z"
          />
        </svg>
      </span>
      <span
        class="MuiTouchRipple-root"
      />
    </button>
    <button
      class="MuiButtonBase-root MuiButton-root MuiButton-text MuiButton-textPrimary MuiButton-textSizeSmall MuiButton-sizeSmall"
      data-testid="pagination-page-1"
      id="pagination-page-1"
      style="opacity: 1;"
      tabindex="0"
      type="button"
    >
      <span
        class="MuiButton-label"
      >
        1
      </span>
      <span
        class="MuiTouchRipple-root"
      />
    </button>
    <button
      class="MuiButtonBase-root MuiButton-root MuiButton-text MuiButton-textSizeSmall MuiButton-sizeSmall"
      data-testid="pagination-page-2"
      id="pagination-page-2"
      style="opacity: 1;"
      tabindex="0"
      type="button"
    >
      <span
        class="MuiButton-label"
      >
        2
      </span>
      <span
        class="MuiTouchRipple-root"
      />
    </button>
    <button
      class="MuiButtonBase-root MuiButton-root MuiButton-text MuiButton-textSizeSmall MuiButton-sizeSmall"
      data-testid="pagination-page-3"
      id="pagination-page-3"
      style="opacity: 1;"
      tabindex="0"
      type="button"
    >
      <span
        class="MuiButton-label"
      >
        3
      </span>
      <span
        class="MuiTouchRipple-root"
      />
    </button>
    <button
      class="MuiButtonBase-root MuiButton-root MuiButton-text MuiButton-textSizeSmall MuiButton-sizeSmall"
      data-testid="pagination-page-4"
      id="pagination-page-4"
      style="opacity: 1;"
      tabindex="0"
      type="button"
    >
      <span
        class="MuiButton-label"
      >
        4
      </span>
      <span
        class="MuiTouchRipple-root"
      />
    </button>
    <button
      class="MuiButtonBase-root MuiButton-root MuiButton-text MuiButton-textSizeSmall MuiButton-sizeSmall"
      data-testid="pagination-page-5"
      id="pagination-page-5"
      style="opacity: 1;"
      tabindex="0"
      type="button"
    >
      <span
        class="MuiButton-label"
      >
        5
      </span>
      <span
        class="MuiTouchRipple-root"
      />
    </button>
    <button
      class="MuiButtonBase-root MuiButton-root MuiButton-text MuiButton-textSizeSmall MuiButton-sizeSmall"
      data-testid="next-page-button"
      id="next-page-button"
      style="opacity: 1;"
      tabindex="0"
      type="button"
    >
      <span
        class="MuiButton-label"
      >
        <svg
          aria-hidden="true"
          class="MuiSvgIcon-root MuiSvgIcon-fontSizeMedium css-i4bv87-MuiSvgIcon-root"
          data-testid="KeyboardArrowRightIcon"
          focusable="false"
          viewBox="0 0 24 24"
        >
          <path
            d="M8.59 16.59 13.17 12 8.59 7.41 10 6l6 6-6 6z"
          />
        </svg>
      </span>
      <span
        class="MuiTouchRipple-root"
      />
    </button>
  </div>
</div>
`;
