// Jest Snapshot v1, https://goo.gl/fbAQLP

exports[`MenuItem should match snapshot 1`] = `
<div>
  <li
    class="MuiButtonBase-root MuiMenuItem-root MuiMenuItem-gutters MuiMenuItem-root MuiMenuItem-gutters css-kk1bwy-MuiButtonBase-root-MuiMenuItem-root"
    role="menuitem"
    tabindex="-1"
    title="Item 1"
  >
    <span
      class="MuiTouchRipple-root css-8je8zh-MuiTouchRipple-root"
    />
  </li>
</div>
`;
