// Jest Snapshot v1, https://goo.gl/fbAQLP

exports[`Tree should match snapshot 1`] = `
<div>
  <ul
    class="sc-aYaIB exChqK"
    name="root"
  >
    <li
      class="sc-gEvDqW hovEjp"
    >
      <svg
        aria-hidden="true"
        class="MuiSvgIcon-root MuiSvgIcon-fontSizeMedium sc-fqkwJk iYAchi css-i4bv87-MuiSvgIcon-root"
        data-testid="KeyboardArrowDownIcon"
        focusable="false"
        viewBox="0 0 24 24"
      >
        <path
          d="M7.41 8.59 12 13.17l4.59-4.58L18 10l-6 6-6-6z"
        />
      </svg>
      root
    </li>
  </ul>
</div>
`;
