// Jest Snapshot v1, https://goo.gl/fbAQLP

exports[`Panel should match snapshot 1`] = `
<div>
  <div
    class="MuiPaper-root MuiPaper-elevation MuiPaper-rounded MuiPaper-elevation2 MuiAccordion-root MuiAccordion-rounded Mui-expanded MuiAccordion-gutters sc-gsFSjX JQcAs css-1lienkd-MuiPaper-root-MuiAccordion-root"
    data-testid="panel-component"
    style="margin: 0px;"
  >
    <div
      aria-expanded="true"
      class="MuiButtonBase-root MuiAccordionSummary-root Mui-expanded MuiAccordionSummary-gutters css-1f773le-MuiButtonBase-root-MuiAccordionSummary-root"
      role="button"
      tabindex="0"
    >
      <div
        class="MuiAccordionSummary-content Mui-expanded MuiAccordionSummary-contentGutters css-eqpfi5-MuiAccordionSummary-content"
      >
        <div
          class="sc-iGgVNO iPPrNl"
        >
          <div
            class="sc-kAycRU FJrwN"
          >
            <h6
              class="MuiTypography-root MuiTypography-subtitle1 MuiTypography-noWrap sc-imWZod cQNAri css-of350e-MuiTypography-root"
            >
              Foo
            </h6>
          </div>
        </div>
      </div>
      <div
        class="MuiAccordionSummary-expandIconWrapper Mui-expanded css-yw020d-MuiAccordionSummary-expandIconWrapper"
      >
        <svg
          aria-hidden="true"
          class="MuiSvgIcon-root MuiSvgIcon-fontSizeMedium css-i4bv87-MuiSvgIcon-root"
          data-testid="expand-icon"
          focusable="false"
          viewBox="0 0 24 24"
        >
          <path
            d="M16.59 8.59 12 13.17 7.41 8.59 6 10l6 6 6-6z"
          />
        </svg>
      </div>
    </div>
    <div
      class="MuiCollapse-root MuiCollapse-vertical MuiCollapse-entered css-pwcg7p-MuiCollapse-root"
      style="min-height: 0px;"
    >
      <div
        class="MuiCollapse-wrapper MuiCollapse-vertical css-smkl36-MuiCollapse-wrapper"
      >
        <div
          class="MuiCollapse-wrapperInner MuiCollapse-vertical css-9l5vo-MuiCollapse-wrapperInner"
        >
          <div
            class="MuiAccordion-region"
            role="region"
          >
            <div
              class="MuiAccordionDetails-root css-15v22id-MuiAccordionDetails-root"
            >
              <button>
                bar
              </button>
            </div>
          </div>
        </div>
      </div>
    </div>
  </div>
</div>
`;
