// Jest Snapshot v1, https://goo.gl/fbAQLP

exports[`Fab should match snapshot 1`] = `
<div>
  <button
    class="MuiButtonBase-root MuiFab-root"
    data-testid="fab-container"
    tabindex="0"
    type="button"
  >
    <span
      class="MuiFab-label"
    >
      Fab
    </span>
    <span
      class="MuiTouchRipple-root"
    />
  </button>
</div>
`;
