// Jest Snapshot v1, https://goo.gl/fbAQLP

exports[`Fab should match snapshot 1`] = `
<div>
  <button
    class="MuiButtonBase-root MuiFab-root MuiFab-circular MuiFab-sizeLarge MuiFab-default MuiFab-root MuiFab-circular MuiFab-sizeLarge MuiFab-default css-mm42gz-MuiButtonBase-root-MuiFab-root"
    data-testid="fab-container"
    tabindex="0"
    type="button"
  >
    Fab
    <span
      class="MuiTouchRipple-root css-8je8zh-MuiTouchRipple-root"
    />
  </button>
</div>
`;
