// Jest Snapshot v1, https://goo.gl/fbAQLP

exports[`ChipField should match snapshot 1`] = `
<div>
  <div
    class="MuiFormControl-root sc-beySPh jTLxIV WAMuiChipInput-root-52"
    data-testid="chip-field-container"
    values="[object Object],[object Object],[object Object]"
  >
    <div
      class="WAMuiChipInput-standard-57 WAMuiChipInput-chipContainer-55 WAMuiChipInput-underline-65"
    >
      <div
        class="MuiButtonBase-root MuiChip-root WAMuiChipInput-chip-67 MuiChip-clickable MuiChip-deletable"
        role="button"
        tabindex="0"
      >
        <span
          class="MuiChip-label"
        >
          alpha
        </span>
        <svg
          aria-hidden="true"
          class="MuiSvgIcon-root MuiChip-deleteIcon"
          focusable="false"
          viewBox="0 0 24 24"
        >
          <path
            d="M12 2C6.47 2 2 6.47 2 12s4.47 10 10 10 10-4.47 10-10S17.53 2 12 2zm5 13.59L15.59 17 12 13.41 8.41 17 7 15.59 10.59 12 7 8.41 8.41 7 12 10.59 15.59 7 17 8.41 13.41 12 17 15.59z"
          />
        </svg>
        <span
          class="MuiTouchRipple-root"
        />
      </div>
      <div
        class="MuiButtonBase-root MuiChip-root WAMuiChipInput-chip-67 MuiChip-clickable MuiChip-deletable"
        role="button"
        tabindex="0"
      >
        <span
          class="MuiChip-label"
        >
          beta
        </span>
        <svg
          aria-hidden="true"
          class="MuiSvgIcon-root MuiChip-deleteIcon"
          focusable="false"
          viewBox="0 0 24 24"
        >
          <path
            d="M12 2C6.47 2 2 6.47 2 12s4.47 10 10 10 10-4.47 10-10S17.53 2 12 2zm5 13.59L15.59 17 12 13.41 8.41 17 7 15.59 10.59 12 7 8.41 8.41 7 12 10.59 15.59 7 17 8.41 13.41 12 17 15.59z"
          />
        </svg>
        <span
          class="MuiTouchRipple-root"
        />
      </div>
      <div
        class="MuiButtonBase-root MuiChip-root WAMuiChipInput-chip-67 MuiChip-clickable MuiChip-deletable"
        role="button"
        tabindex="0"
      >
        <span
          class="MuiChip-label"
        >
          gamma
        </span>
        <svg
          aria-hidden="true"
          class="MuiSvgIcon-root MuiChip-deleteIcon"
          focusable="false"
          viewBox="0 0 24 24"
        >
          <path
            d="M12 2C6.47 2 2 6.47 2 12s4.47 10 10 10 10-4.47 10-10S17.53 2 12 2zm5 13.59L15.59 17 12 13.41 8.41 17 7 15.59 10.59 12 7 8.41 8.41 7 12 10.59 15.59 7 17 8.41 13.41 12 17 15.59z"
          />
        </svg>
        <span
          class="MuiTouchRipple-root"
        />
      </div>
      <div
        class="MuiInputBase-root MuiInput-root WAMuiChipInput-inputRoot-53 WAMuiChipInput-standard-57 MuiInputBase-formControl MuiInput-formControl"
      >
        <input
          aria-invalid="false"
          class="MuiInputBase-input MuiInput-input WAMuiChipInput-input-54 WAMuiChipInput-standard-57"
          id="chip-field-root"
          type="text"
          value=""
        />
      </div>
    </div>
  </div>
</div>
`;
