// Jest Snapshot v1, https://goo.gl/fbAQLP

exports[`StepCard should match snapshot 1`] = `
<div>
  <div
    class="sc-aYaIB hvFdbM"
  >
    <div
      class="MuiPaper-root MuiPaper-elevation MuiPaper-rounded MuiPaper-elevation1 MuiAccordion-root MuiAccordion-rounded MuiAccordion-gutters css-1086bdv-MuiPaper-root-MuiAccordion-root"
    >
      <div
        class="sc-eqUzNf jwXvAb"
      >
        <div
          class="sc-gEvDqW dsflTG"
          minheight="100px"
        >
          <div
            class="sc-fqkwJk ecodSZ"
            justifycontent="start"
          >
            <svg
              aria-hidden="true"
              class="MuiSvgIcon-root MuiSvgIcon-fontSizeMedium css-i4bv87-MuiSvgIcon-root"
              data-testid="step-card-title-icon"
              focusable="false"
              style="font-size: 40px; color: rgb(117, 117, 117);"
              viewBox="0 0 24 24"
            >
              <path
                d="M12 2C6.48 2 2 6.48 2 12s4.48 10 10 10 10-4.48 10-10S17.52 2 12 2m-2 15-5-5 1.41-1.41L10 14.17l7.59-7.59L19 8z"
              />
            </svg>
            <div
              class="sc-iGgVNO dRwqyP"
            >
              <h6
                class="MuiTypography-root MuiTypography-h6"
                style="color: rgb(66, 66, 66); font-size: 24px; text-align: center;"
              >
                Title
              </h6>
            </div>
          </div>
          <div
            class="sc-fqkwJk iZCAOH"
            justifycontent="end"
          >
            <div
              aria-expanded="false"
              class="MuiButtonBase-root MuiAccordionSummary-root MuiAccordionSummary-gutters css-1f773le-MuiButtonBase-root-MuiAccordionSummary-root"
              role="button"
              style="text-align: center;"
              tabindex="0"
            >
              <div
                class="MuiAccordionSummary-content MuiAccordionSummary-contentGutters css-eqpfi5-MuiAccordionSummary-content"
              >
                <h6
                  class="MuiTypography-root MuiTypography-h6"
                >
                  Summary
                </h6>
              </div>
              <div
                class="MuiAccordionSummary-expandIconWrapper css-yw020d-MuiAccordionSummary-expandIconWrapper"
              >
                <svg
                  aria-hidden="true"
                  class="MuiSvgIcon-root MuiSvgIcon-fontSizeLarge css-tzssek-MuiSvgIcon-root"
                  data-testid="ExpandMoreIcon"
                  focusable="false"
                  viewBox="0 0 24 24"
                >
                  <path
                    d="M16.59 8.59 12 13.17 7.41 8.59 6 10l6 6 6-6z"
                  />
                </svg>
              </div>
            </div>
          </div>
        </div>
        <div
          class="sc-gEvDqW eCImaH"
          minheight="15px"
        >
          <span
            aria-valuemax="100"
            aria-valuemin="0"
            aria-valuenow="50"
            class="MuiLinearProgress-root MuiLinearProgress-colorSuccess MuiLinearProgress-determinate css-1hxt08m-MuiLinearProgress-root"
            role="progressbar"
            style="height: 16px; width: 100%; background-color: rgb(189, 189, 189);"
          >
            <span
              class="MuiLinearProgress-bar MuiLinearProgress-barColorSuccess MuiLinearProgress-bar1Determinate css-h8g9t7-MuiLinearProgress-bar1"
              style="transform: translateX(-50%);"
            />
          </span>
        </div>
      </div>
      <div
        class="MuiCollapse-root MuiCollapse-vertical MuiCollapse-hidden css-bz4dnt-MuiCollapse-root"
        style="min-height: 0px;"
      >
        <div
          class="MuiCollapse-wrapper MuiCollapse-vertical css-smkl36-MuiCollapse-wrapper"
        >
          <div
            class="MuiCollapse-wrapperInner MuiCollapse-vertical css-9l5vo-MuiCollapse-wrapperInner"
          >
            <div
              class="MuiAccordion-region"
              role="region"
            >
              <div
                class="MuiAccordionDetails-root css-15v22id-MuiAccordionDetails-root"
                style="display: flex; justify-content: space-between;"
              >
                <div
                  class="sc-fqkwJk ecodSZ"
                  justifycontent="start"
                >
                  <ul
                    class="MuiList-root MuiList-padding css-h4y409-MuiList-root"
                  >
                    <li
                      class="sc-dcJtft jbcafN"
                    >
                      <svg
                        aria-hidden="true"
                        class="MuiSvgIcon-root MuiSvgIcon-fontSizeMedium css-i4bv87-MuiSvgIcon-root"
                        data-testid="CheckCircleIcon"
                        focusable="false"
                        style="color: rgb(117, 117, 117);"
                        viewBox="0 0 24 24"
                      >
                        <path
                          d="M12 2C6.48 2 2 6.48 2 12s4.48 10 10 10 10-4.48 10-10S17.52 2 12 2m-2 15-5-5 1.41-1.41L10 14.17l7.59-7.59L19 8z"
                        />
                      </svg>
                      <p
                        class="MuiTypography-root MuiTypography-body1"
                        style="color: rgb(97, 97, 97); font-weight: 600;"
                      >
                        Step 1
                      </p>
                    </li>
                    <li
                      class="sc-dcJtft jbcafN"
                    >
                      <svg
                        aria-hidden="true"
                        class="MuiSvgIcon-root MuiSvgIcon-fontSizeMedium css-i4bv87-MuiSvgIcon-root"
                        data-testid="CheckCircleIcon"
                        focusable="false"
                        style="color: rgb(14, 144, 67);"
                        viewBox="0 0 24 24"
                      >
                        <path
                          d="M12 2C6.48 2 2 6.48 2 12s4.48 10 10 10 10-4.48 10-10S17.52 2 12 2m-2 15-5-5 1.41-1.41L10 14.17l7.59-7.59L19 8z"
                        />
                      </svg>
                      <p
                        class="MuiTypography-root MuiTypography-body1"
                        style="color: rgb(97, 97, 97); font-weight: 600;"
                      >
                        Step 2
                      </p>
                    </li>
                  </ul>
                </div>
                <div
                  class="sc-fqkwJk iZCAOH"
                  justifycontent="end"
                >
                  <img
                    alt="Step Icon"
                    src="https://picsum.photos/200"
                  />
                </div>
              </div>
            </div>
          </div>
        </div>
      </div>
    </div>
  </div>
</div>
`;
