// Jest Snapshot v1, https://goo.gl/fbAQLP

exports[`Checkbox should match snapshot 1`] = `
<div>
  <div
    class="sc-iGgVNO csexcM"
  >
    <label
      class="MuiFormControlLabel-root MuiFormControlLabel-labelPlacementEnd css-j204z7-MuiFormControlLabel-root"
    >
      <span
        class="MuiSwitch-root MuiSwitch-sizeMedium css-julti5-MuiSwitch-root"
      >
        <span
          class="MuiButtonBase-root MuiSwitch-switchBase MuiSwitch-colorPrimary PrivateSwitchBase-root MuiSwitch-switchBase MuiSwitch-colorPrimary css-byenzh-MuiButtonBase-root-MuiSwitch-switchBase"
          role="switch"
        >
          <input
            class="PrivateSwitchBase-input MuiSwitch-input css-1m9pwf3"
            name="checkbox-name"
            type="checkbox"
            value="checkbox-name"
          />
          <span
            class="MuiSwitch-thumb css-jsexje-MuiSwitch-thumb"
          />
          <span
            class="MuiTouchRipple-root css-8je8zh-MuiTouchRipple-root"
          />
        </span>
        <span
          class="MuiSwitch-track css-1yjjitx-MuiSwitch-track"
        />
      </span>
      <span
        class="MuiTypography-root MuiTypography-body1 MuiFormControlLabel-label css-ahj2mt-MuiTypography-root"
      >
        checkbox-label
      </span>
    </label>
  </div>
</div>
`;
