// Jest Snapshot v1, https://goo.gl/fbAQLP

exports[`IconButton should match snapshot 1`] = `
<div>
  <button
    class="MuiButtonBase-root MuiIconButton-root MuiIconButton-sizeLarge css-mf1cb5-MuiButtonBase-root-MuiIconButton-root"
    tabindex="0"
    type="button"
  >
    IconButton
    <span
      class="MuiTouchRipple-root css-8je8zh-MuiTouchRipple-root"
    />
  </button>
</div>
`;
