// Jest Snapshot v1, https://goo.gl/fbAQLP

exports[`List should match snapshot 1`] = `
<div>
  <ul
    class="MuiList-root makeStyles-default-19 my-custom-class MuiList-padding"
    data-testid="list-container"
  >
    <li
      aria-disabled="false"
      class="MuiButtonBase-root MuiListItem-root MuiMenuItem-root makeStyles-root-23 MuiMenuItem-gutters MuiListItem-gutters MuiListItem-button"
      role="menuitem"
      tabindex="-1"
    >
      Item 1
      <span
        class="MuiTouchRipple-root"
      />
    </li>
    <li
      aria-disabled="false"
      class="MuiButtonBase-root MuiListItem-root MuiMenuItem-root makeStyles-root-23 MuiMenuItem-gutters MuiListItem-gutters MuiListItem-button"
      role="menuitem"
      tabindex="-1"
    >
      Item 2
      <span
        class="MuiTouchRipple-root"
      />
    </li>
    <li
      aria-disabled="false"
      class="MuiButtonBase-root MuiListItem-root MuiMenuItem-root makeStyles-root-23 MuiMenuItem-gutters MuiListItem-gutters MuiListItem-button"
      role="menuitem"
      tabindex="-1"
    >
      Item 3
      <span
        class="MuiTouchRipple-root"
      />
    </li>
  </ul>
</div>
`;
